<?xml version="1.0" encoding="utf-8"?><testsuites><testsuite name="pytest" errors="0" failures="0" skipped="0" tests="2" time="6.147" timestamp="2023-07-10T14:38:21.837668" hostname="2a8f84407552"><testcase classname="tests.general_test.Test_General" name="test_imports" time="0.001" /><testcase classname="tests.general_test.Test_General" name="test_central_processing" time="0.254" /></testsuite></testsuites>